PRINT: 1969.0000
PRINT: 3.1400
PRINT: 1.0000
PRINT: 5.0000
PRINT: 6.0000
PRINT: 4.0000
PRINT: 8.0000
PRINT: 25.1200
